This is pdfTeX, Version 3.141592653-2.6-1.40.25 (MiKTeX 24.1) (preloaded format=pdflatex 2025.4.9)  28 APR 2025 21:05
entering extended mode
 restricted \write18 enabled.
 file:line:error style messages enabled.
 %&-line parsing enabled.
**c:/Users/aryan/OneDrive/Desktop/cs/COM3001_ASSIGN/report/main.tex
(c:/Users/aryan/OneDrive/Desktop/cs/COM3001_ASSIGN/report/main.tex
LaTeX2e <2023-11-01> patch level 1
L3 programming layer <2024-01-04>
(C:\Users\aryan\AppData\Local\Programs\MiKTeX\tex/latex/base\article.cls
Document Class: article 2023/05/17 v1.4n Standard LaTeX document class
(C:\Users\aryan\AppData\Local\Programs\MiKTeX\tex/latex/base\size10.clo
File: size10.clo 2023/05/17 v1.4n Standard LaTeX file (size option)
)
\c@part=\count187
\c@section=\count188
\c@subsection=\count189
\c@subsubsection=\count190
\c@paragraph=\count191
\c@subparagraph=\count192
\c@figure=\count193
\c@table=\count194
\abovecaptionskip=\skip48
\belowcaptionskip=\skip49
\bibindent=\dimen140
) (C:\Users\aryan\AppData\Local\Programs\MiKTeX\tex/latex/geometry\geometry.sty
Package: geometry 2020/01/02 v5.9 Page Geometry
 (C:\Users\aryan\AppData\Local\Programs\MiKTeX\tex/latex/graphics\keyval.sty
Package: keyval 2022/05/29 v1.15 key=value parser (DPC)
\KV@toks@=\toks17
) (C:\Users\aryan\AppData\Local\Programs\MiKTeX\tex/generic/iftex\ifvtex.sty
Package: ifvtex 2019/10/25 v1.7 ifvtex legacy package. Use iftex instead.
 (C:\Users\aryan\AppData\Local\Programs\MiKTeX\tex/generic/iftex\iftex.sty
Package: iftex 2022/02/03 v1.0f TeX engine tests
))
\Gm@cnth=\count195
\Gm@cntv=\count196
\c@Gm@tempcnt=\count197
\Gm@bindingoffset=\dimen141
\Gm@wd@mp=\dimen142
\Gm@odd@mp=\dimen143
\Gm@even@mp=\dimen144
\Gm@layoutwidth=\dimen145
\Gm@layoutheight=\dimen146
\Gm@layouthoffset=\dimen147
\Gm@layoutvoffset=\dimen148
\Gm@dimlist=\toks18
 (C:\Users\aryan\AppData\Local\Programs\MiKTeX\tex/latex/geometry\geometry.cfg)) (C:\Users\aryan\AppData\Local\Programs\MiKTeX\tex/latex/setspace\setspace.sty
Package: setspace 2022/12/04 v6.7b set line spacing
) (C:\Users\aryan\AppData\Local\Programs\MiKTeX\tex/latex/appendix\appendix.sty
Package: appendix 2020/02/08 v1.2c extra appendix facilities
\c@@pps=\count198
\c@@ppsavesec=\count199
\c@@ppsaveapp=\count266
) (C:\Users\aryan\AppData\Local\Programs\MiKTeX\tex/latex/amsmath\amsmath.sty
Package: amsmath 2023/05/13 v2.17o AMS math features
\@mathmargin=\skip50

For additional information on amsmath, use the `?' option.
(C:\Users\aryan\AppData\Local\Programs\MiKTeX\tex/latex/amsmath\amstext.sty
Package: amstext 2021/08/26 v2.01 AMS text
 (C:\Users\aryan\AppData\Local\Programs\MiKTeX\tex/latex/amsmath\amsgen.sty
File: amsgen.sty 1999/11/30 v2.0 generic functions
\@emptytoks=\toks19
\ex@=\dimen149
)) (C:\Users\aryan\AppData\Local\Programs\MiKTeX\tex/latex/amsmath\amsbsy.sty
Package: amsbsy 1999/11/29 v1.2d Bold Symbols
\pmbraise@=\dimen150
) (C:\Users\aryan\AppData\Local\Programs\MiKTeX\tex/latex/amsmath\amsopn.sty
Package: amsopn 2022/04/08 v2.04 operator names
)
\inf@bad=\count267
LaTeX Info: Redefining \frac on input line 234.
\uproot@=\count268
\leftroot@=\count269
LaTeX Info: Redefining \overline on input line 399.
LaTeX Info: Redefining \colon on input line 410.
\classnum@=\count270
\DOTSCASE@=\count271
LaTeX Info: Redefining \ldots on input line 496.
LaTeX Info: Redefining \dots on input line 499.
LaTeX Info: Redefining \cdots on input line 620.
\Mathstrutbox@=\box51
\strutbox@=\box52
LaTeX Info: Redefining \big on input line 722.
LaTeX Info: Redefining \Big on input line 723.
LaTeX Info: Redefining \bigg on input line 724.
LaTeX Info: Redefining \Bigg on input line 725.
\big@size=\dimen151
LaTeX Font Info:    Redeclaring font encoding OML on input line 743.
LaTeX Font Info:    Redeclaring font encoding OMS on input line 744.
\macc@depth=\count272
LaTeX Info: Redefining \bmod on input line 905.
LaTeX Info: Redefining \pmod on input line 910.
LaTeX Info: Redefining \smash on input line 940.
LaTeX Info: Redefining \relbar on input line 970.
LaTeX Info: Redefining \Relbar on input line 971.
\c@MaxMatrixCols=\count273
\dotsspace@=\muskip16
\c@parentequation=\count274
\dspbrk@lvl=\count275
\tag@help=\toks20
\row@=\count276
\column@=\count277
\maxfields@=\count278
\andhelp@=\toks21
\eqnshift@=\dimen152
\alignsep@=\dimen153
\tagshift@=\dimen154
\tagwidth@=\dimen155
\totwidth@=\dimen156
\lineht@=\dimen157
\@envbody=\toks22
\multlinegap=\skip51
\multlinetaggap=\skip52
\mathdisplay@stack=\toks23
LaTeX Info: Redefining \[ on input line 2953.
LaTeX Info: Redefining \] on input line 2954.
) (C:\Users\aryan\AppData\Local\Programs\MiKTeX\tex/latex/hyphenat\hyphenat.sty
Package: hyphenat 2009/09/02 v2.3c hyphenation utilities
\langwohyphens=\language79
LaTeX Info: Redefining \_ on input line 43.
) (C:\Users\aryan\AppData\Local\Programs\MiKTeX\tex/latex/graphics\graphicx.sty
Package: graphicx 2021/09/16 v1.2d Enhanced LaTeX Graphics (DPC,SPQR)
 (C:\Users\aryan\AppData\Local\Programs\MiKTeX\tex/latex/graphics\graphics.sty
Package: graphics 2022/03/10 v1.4e Standard LaTeX Graphics (DPC,SPQR)
 (C:\Users\aryan\AppData\Local\Programs\MiKTeX\tex/latex/graphics\trig.sty
Package: trig 2021/08/11 v1.11 sin cos tan (DPC)
) (C:\Users\aryan\AppData\Local\Programs\MiKTeX\tex/latex/graphics-cfg\graphics.cfg
File: graphics.cfg 2016/06/04 v1.11 sample graphics configuration
)
Package graphics Info: Driver file: pdftex.def on input line 107.
 (C:\Users\aryan\AppData\Local\Programs\MiKTeX\tex/latex/graphics-def\pdftex.def
File: pdftex.def 2022/09/22 v1.2b Graphics/color driver for pdftex
))
\Gin@req@height=\dimen158
\Gin@req@width=\dimen159
) (C:\Users\aryan\AppData\Local\Programs\MiKTeX\tex/latex/l3backend\l3backend-pdftex.def
File: l3backend-pdftex.def 2024-01-04 L3 backend support: PDF output (pdfTeX)
\l__color_backend_stack_int=\count279
\l__pdf_internal_box=\box53
) (main.aux)
\openout1 = `main.aux'.

LaTeX Font Info:    Checking defaults for OML/cmm/m/it on input line 21.
LaTeX Font Info:    ... okay on input line 21.
LaTeX Font Info:    Checking defaults for OMS/cmsy/m/n on input line 21.
LaTeX Font Info:    ... okay on input line 21.
LaTeX Font Info:    Checking defaults for OT1/cmr/m/n on input line 21.
LaTeX Font Info:    ... okay on input line 21.
LaTeX Font Info:    Checking defaults for T1/cmr/m/n on input line 21.
LaTeX Font Info:    ... okay on input line 21.
LaTeX Font Info:    Checking defaults for TS1/cmr/m/n on input line 21.
LaTeX Font Info:    ... okay on input line 21.
LaTeX Font Info:    Checking defaults for OMX/cmex/m/n on input line 21.
LaTeX Font Info:    ... okay on input line 21.
LaTeX Font Info:    Checking defaults for U/cmr/m/n on input line 21.
LaTeX Font Info:    ... okay on input line 21.

*geometry* driver: auto-detecting
*geometry* detected driver: pdftex
*geometry* verbose mode - [ preamble ] result:
* driver: pdftex
* paper: <default>
* layout: <same size as paper>
* layoutoffset:(h,v)=(0.0pt,0.0pt)
* modes: 
* h-part:(L,W,R)=(57.81621pt, 498.66258pt, 57.81621pt)
* v-part:(T,H,B)=(57.81621pt, 679.33757pt, 57.81621pt)
* \paperwidth=614.295pt
* \paperheight=794.96999pt
* \textwidth=498.66258pt
* \textheight=679.33757pt
* \oddsidemargin=-14.45378pt
* \evensidemargin=-14.45378pt
* \topmargin=-51.45378pt
* \headheight=12.0pt
* \headsep=25.0pt
* \topskip=10.0pt
* \footskip=30.0pt
* \marginparwidth=65.0pt
* \marginparsep=11.0pt
* \columnsep=10.0pt
* \skip\footins=9.0pt plus 4.0pt minus 2.0pt
* \hoffset=0.0pt
* \voffset=0.0pt
* \mag=1000
* \@twocolumnfalse
* \@twosidefalse
* \@mparswitchfalse
* \@reversemarginfalse
* (1in=72.27pt=25.4mm, 1cm=28.453pt)

(C:\Users\aryan\AppData\Local\Programs\MiKTeX\tex/context/base/mkii\supp-pdf.mkii
[Loading MPS to PDF converter (version 2006.09.02).]
\scratchcounter=\count280
\scratchdimen=\dimen160
\scratchbox=\box54
\nofMPsegments=\count281
\nofMParguments=\count282
\everyMPshowfont=\toks24
\MPscratchCnt=\count283
\MPscratchDim=\dimen161
\MPnumerator=\count284
\makeMPintoPDFobject=\count285
\everyMPtoPDFconversion=\toks25
) (C:\Users\aryan\AppData\Local\Programs\MiKTeX\tex/latex/epstopdf-pkg\epstopdf-base.sty
Package: epstopdf-base 2020-01-24 v2.11 Base part for package epstopdf
Package epstopdf-base Info: Redefining graphics rule for `.eps' on input line 485.
 (C:\Users\aryan\AppData\Local\Programs\MiKTeX\tex/latex/00miktex\epstopdf-sys.cfg
File: epstopdf-sys.cfg 2021/03/18 v2.0 Configuration of epstopdf for MiKTeX
)) [1

{C:/Users/aryan/AppData/Local/MiKTeX/fonts/map/pdftex/pdftex.map}] (sections/q1_ex1_lorenz.tex
Overfull \hbox (1.66248pt too wide) in paragraph at lines 31--34
\OT1/cmr/m/n/10 up-date rule for the Lorenz sys-tem is given by the for-mula in the (ap-pendix B3[]). This method is more com-pu-ta-tion-ally
 []

[2]
Overfull \hbox (22.56058pt too wide) in paragraph at lines 43--44
\OT1/cmr/m/n/10 While fixed time step meth-ods such as Eu-ler and RK4 are use-ful, adap-tive in-te-gra-tion meth-ods like Runge-Kutta-Fehlberg
 []


Underfull \hbox (badness 10000) in paragraph at lines 52--53

 []


Underfull \hbox (badness 10000) in paragraph at lines 54--55

 []

[3]) (sections/q1_ex2_simulation.tex
Overfull \hbox (5.16377pt too wide) in paragraph at lines 10--11
[]\OT1/cmr/bx/n/10 Computational Ef-fi-ciency: \OT1/cmr/m/n/10 Al-though smaller time steps im-prove ac-cu-racy for RK4 (global er-ror pro-por-tional
 []

[4]) (sections/q2_ex1.tex [5] [6]) (sections/q2_ex2_parameter_sensitivity_analysis.tex) [7] (appendices/optuna.tex) (appendices/formulas.tex
Overfull \hbox (16.83046pt too wide) in paragraph at lines 4--1
\OT1/cmr/bx/n/10 Computational Ef-fi-ciency: \OT1/cmr/m/n/10 Al-though smaller time steps can im-prove ac-cu-racy, they also lead to higher com-pu-ta-tional
 []


Overfull \hbox (2.89388pt too wide) in paragraph at lines 66--68
\OT1/cmr/m/n/10 This for-mu-la-tion en-cour-ages the op-ti-mizer to se-lect a time step that bal-ances sim-u-la-tion ac-cu-racy with com-pu-ta-tional
 []

[8

]) [9] (figures/fig.tex
<images/phase_portraits1.1.4.png, id=45, 1300.86pt x 722.7pt>
File: images/phase_portraits1.1.4.png Graphic file (type png)
<use images/phase_portraits1.1.4.png>
Package pdftex.def Info: images/phase_portraits1.1.4.png  used on input line 3.
(pdftex.def)             Requested size: 548.53188pt x 304.74495pt.

Overfull \hbox (49.8693pt too wide) in paragraph at lines 3--4
 [][] 
 []

<images/error_comparison1.1.4.png, id=47, 722.7pt x 433.62pt>
File: images/error_comparison1.1.4.png Graphic file (type png)
<use images/error_comparison1.1.4.png>
Package pdftex.def Info: images/error_comparison1.1.4.png  used on input line 11.
(pdftex.def)             Requested size: 548.53188pt x 329.11794pt.

Overfull \hbox (49.8693pt too wide) in paragraph at lines 11--12
 [][] 
 []

<images/error_comparison_same_times.png, id=48, 722.7pt x 433.62pt>
File: images/error_comparison_same_times.png Graphic file (type png)
<use images/error_comparison_same_times.png>
Package pdftex.def Info: images/error_comparison_same_times.png  used on input line 18.
(pdftex.def)             Requested size: 548.53188pt x 329.11794pt.

Overfull \hbox (49.8693pt too wide) in paragraph at lines 18--19
 [][] 
 []

<images/error_comparison1000_114.png, id=49, 722.7pt x 433.62pt>
File: images/error_comparison1000_114.png Graphic file (type png)
<use images/error_comparison1000_114.png>
Package pdftex.def Info: images/error_comparison1000_114.png  used on input line 29.
(pdftex.def)             Requested size: 548.53188pt x 329.11794pt.

Overfull \hbox (49.8693pt too wide) in paragraph at lines 29--30
 [][] 
 []

<images/error_comparison_rk4_stable_0.13.png, id=50, 722.7pt x 433.62pt>
File: images/error_comparison_rk4_stable_0.13.png Graphic file (type png)
<use images/error_comparison_rk4_stable_0.13.png>
Package pdftex.def Info: images/error_comparison_rk4_stable_0.13.png  used on input line 38.
(pdftex.def)             Requested size: 548.53188pt x 329.11794pt.

Overfull \hbox (49.8693pt too wide) in paragraph at lines 38--39
 [][] 
 []

<images/error_trade_off.png, id=51, 715.473pt x 426.393pt>
File: images/error_trade_off.png Graphic file (type png)
<use images/error_trade_off.png>
Package pdftex.def Info: images/error_trade_off.png  used on input line 46.
(pdftex.def)             Requested size: 548.53188pt x 326.91177pt.

Overfull \hbox (49.8693pt too wide) in paragraph at lines 46--47
 [][] 
 []

<images/0_01_lorenz_3d.png, id=52, 867.24pt x 433.62pt>
File: images/0_01_lorenz_3d.png Graphic file (type png)
<use images/0_01_lorenz_3d.png>
Package pdftex.def Info: images/0_01_lorenz_3d.png  used on input line 54.
(pdftex.def)             Requested size: 548.53188pt x 274.28038pt.

Overfull \hbox (49.8693pt too wide) in paragraph at lines 54--55
 [][] 
 []

<images/optuna_lorenz_3d.png, id=53, 867.24pt x 433.62pt>
File: images/optuna_lorenz_3d.png Graphic file (type png)
<use images/optuna_lorenz_3d.png>
Package pdftex.def Info: images/optuna_lorenz_3d.png  used on input line 61.
(pdftex.def)             Requested size: 548.53188pt x 274.28038pt.

Overfull \hbox (49.8693pt too wide) in paragraph at lines 61--62
 [][] 
 []

<images/two_initial_conditions_3d_separate.png, id=54, 1011.78pt x 433.62pt>
File: images/two_initial_conditions_3d_separate.png Graphic file (type png)
<use images/two_initial_conditions_3d_separate.png>
Package pdftex.def Info: images/two_initial_conditions_3d_separate.png  used on input line 69.
(pdftex.def)             Requested size: 548.53188pt x 235.09085pt.

Overfull \hbox (49.8693pt too wide) in paragraph at lines 69--71
 [][] 
 []

<images/two_initial_conditions_3d_separate_2.png, id=55, 1011.78pt x 433.62pt>
File: images/two_initial_conditions_3d_separate_2.png Graphic file (type png)
<use images/two_initial_conditions_3d_separate_2.png>
Package pdftex.def Info: images/two_initial_conditions_3d_separate_2.png  used on input line 78.
(pdftex.def)             Requested size: 548.53188pt x 235.09085pt.

Overfull \hbox (49.8693pt too wide) in paragraph at lines 78--80
 [][] 
 []

<images/two_initial_conditions_3d_separate_3.png, id=56, 1011.78pt x 433.62pt>
File: images/two_initial_conditions_3d_separate_3.png Graphic file (type png)
<use images/two_initial_conditions_3d_separate_3.png>
Package pdftex.def Info: images/two_initial_conditions_3d_separate_3.png  used on input line 86.
(pdftex.def)             Requested size: 548.53188pt x 235.09085pt.

Overfull \hbox (49.8693pt too wide) in paragraph at lines 86--88
 [][] 
 []

<images/Ecolab_simulation.png, id=57, 1734.48pt x 433.62pt>
File: images/Ecolab_simulation.png Graphic file (type png)
<use images/Ecolab_simulation.png>
Package pdftex.def Info: images/Ecolab_simulation.png  used on input line 96.
(pdftex.def)             Requested size: 548.53188pt x 137.13358pt.

Overfull \hbox (49.8693pt too wide) in paragraph at lines 96--97
 [][] 
 []

<images/baseline_bar_error.png, id=58, 433.62pt x 289.08pt>
File: images/baseline_bar_error.png Graphic file (type png)
<use images/baseline_bar_error.png>
Package pdftex.def Info: images/baseline_bar_error.png  used on input line 105.
(pdftex.def)             Requested size: 548.53188pt x 365.73363pt.

Overfull \hbox (49.8693pt too wide) in paragraph at lines 105--108
 [][] 
 []

<images/Final_rabbit_hist.png, id=59, 433.62pt x 289.08pt>
File: images/Final_rabbit_hist.png Graphic file (type png)
<use images/Final_rabbit_hist.png>
Package pdftex.def Info: images/Final_rabbit_hist.png  used on input line 116.
(pdftex.def)             Requested size: 548.53188pt x 365.73363pt.

Overfull \hbox (49.8693pt too wide) in paragraph at lines 116--119
 [][] 
 []

<images/Ecolab_simulation_no_foxes.png, id=60, 1734.48pt x 433.62pt>
File: images/Ecolab_simulation_no_foxes.png Graphic file (type png)
<use images/Ecolab_simulation_no_foxes.png>
Package pdftex.def Info: images/Ecolab_simulation_no_foxes.png  used on input line 127.
(pdftex.def)             Requested size: 548.53188pt x 137.13358pt.

Overfull \hbox (49.8693pt too wide) in paragraph at lines 127--128
 [][] 
 []

<images/population_time_series.png, id=61, 722.7pt x 722.7pt>
File: images/population_time_series.png Graphic file (type png)
<use images/population_time_series.png>
Package pdftex.def Info: images/population_time_series.png  used on input line 135.
(pdftex.def)             Requested size: 548.53188pt x 548.52989pt.

Overfull \hbox (49.8693pt too wide) in paragraph at lines 135--136
 [][] 
 []

<images/avg_final_foxes_vs_growrate_100.png, id=62, 722.7pt x 433.62pt>
File: images/avg_final_foxes_vs_growrate_100.png Graphic file (type png)
<use images/avg_final_foxes_vs_growrate_100.png>
Package pdftex.def Info: images/avg_final_foxes_vs_growrate_100.png  used on input line 144.
(pdftex.def)             Requested size: 548.53188pt x 329.11794pt.

Overfull \hbox (49.8693pt too wide) in paragraph at lines 144--147
 [][] 
 []

<images/boxplot_final_foxes_by_growrate_100.png, id=63, 867.24pt x 433.62pt>
File: images/boxplot_final_foxes_by_growrate_100.png Graphic file (type png)
<use images/boxplot_final_foxes_by_growrate_100.png>
Package pdftex.def Info: images/boxplot_final_foxes_by_growrate_100.png  used on input line 155.
(pdftex.def)             Requested size: 548.53188pt x 274.28038pt.

Overfull \hbox (49.8693pt too wide) in paragraph at lines 155--158
 [][] 
 []

<images/boxplot_final_rabbits_by_growrate_100.png, id=64, 867.24pt x 433.62pt>
File: images/boxplot_final_rabbits_by_growrate_100.png Graphic file (type png)
<use images/boxplot_final_rabbits_by_growrate_100.png>
Package pdftex.def Info: images/boxplot_final_rabbits_by_growrate_100.png  used on input line 166.
(pdftex.def)             Requested size: 548.53188pt x 274.28038pt.

Overfull \hbox (49.8693pt too wide) in paragraph at lines 166--169
 [][] 
 []

<images/fox_extinction_vs_growrate_100.png, id=65, 722.7pt x 433.62pt>
File: images/fox_extinction_vs_growrate_100.png Graphic file (type png)
<use images/fox_extinction_vs_growrate_100.png>
Package pdftex.def Info: images/fox_extinction_vs_growrate_100.png  used on input line 176.
(pdftex.def)             Requested size: 548.53188pt x 329.11794pt.

Overfull \hbox (49.8693pt too wide) in paragraph at lines 176--179
 [][] 
 []

) [10

 <./images/phase_portraits1.1.4.png>] [11 <./images/error_comparison1.1.4.png>] [12 <./images/error_comparison_same_times.png>] [13 <./images/error_comparison1000_114.png>] [14 <./images/error_comparison_rk4_stable_0.13.png>] [15 <./images/error_trade_off.png>] [16 <./images/0_01_lorenz_3d.png> <./images/optuna_lorenz_3d.png>] [17 <./images/two_initial_conditions_3d_separate.png> <./images/two_initial_conditions_3d_separate_2.png>] [18 <./images/two_initial_conditions_3d_separate_3.png> <./images/Ecolab_simulation.png>] [19 <./images/baseline_bar_error.png>] [20 <./images/Final_rabbit_hist.png> <./images/Ecolab_simulation_no_foxes.png>] [21 <./images/population_time_series.png>] [22 <./images/avg_final_foxes_vs_growrate_100.png>] [23 <./images/boxplot_final_foxes_by_growrate_100.png> <./images/boxplot_final_rabbits_by_growrate_100.png>] [24 <./images/fox_extinction_vs_growrate_100.png>] (figures/table.tex
Underfull \hbox (badness 4441) in paragraph at lines 11--11
[]\OT1/cmr/m/n/10 Poor sta-bil-ity for larger $^^A\OML/cmm/m/it/10 t$
 []


Underfull \hbox (badness 10000) in paragraph at lines 11--11
\OT1/cmr/m/n/10 in chaotic regimes; er-ror
 []


Underfull \hbox (badness 2197) in paragraph at lines 11--11
[]\OT1/cmr/m/n/10 More com-plex; com-pu-ta-tional
 []


Underfull \hbox (badness 10000) in paragraph at lines 36--36
[]\OT1/cmr/bx/n/10 Agent-Based Mod-el-ing
 []


Underfull \hbox (badness 10000) in paragraph at lines 36--37
[]\OT1/cmr/bx/n/10 Equation-Based
 []


Underfull \hbox (badness 10000) in paragraph at lines 38--38
\OT1/cmr/m/n/10 such as each rab-bit or
 []


Underfull \hbox (badness 10000) in paragraph at lines 38--39
[]\OT1/cmr/m/n/10 Models pop-u-la-tions as
 []


Underfull \hbox (badness 10000) in paragraph at lines 38--39
\OT1/cmr/m/n/10 on ag-gre-gate prop-er-ties
 []


Underfull \hbox (badness 10000) in paragraph at lines 38--39
\OT1/cmr/m/n/10 rather than in-di-vid-ual
 []


Underfull \hbox (badness 1308) in paragraph at lines 40--40
[]\OT1/cmr/m/n/10 Incorporates a high de-gree
 []


Underfull \hbox (badness 6445) in paragraph at lines 40--40
\OT1/cmr/m/n/10 of ran-dom-ness in agents'
 []


Underfull \hbox (badness 3323) in paragraph at lines 40--40
\OT1/cmr/m/n/10 move-ments, births, deaths
 []


Underfull \hbox (badness 10000) in paragraph at lines 42--42
[]\OT1/cmr/m/n/10 Explicitly mod-els space,
 []


Underfull \hbox (badness 10000) in paragraph at lines 42--42
\OT1/cmr/m/n/10 al-low-ing agents to move
 []


Underfull \hbox (badness 10000) in paragraph at lines 42--42
\OT1/cmr/m/n/10 and in-ter-act within an
 []


Underfull \hbox (badness 10000) in paragraph at lines 42--43
[]\OT1/cmr/m/n/10 Generally lacks spa-tial
 []


Underfull \hbox (badness 3930) in paragraph at lines 44--44
[]\OT1/cmr/m/n/10 Enables emer-gent pat-terns
 []


Underfull \hbox (badness 5345) in paragraph at lines 44--45
[]\OT1/cmr/m/n/10 Patterns are out-comes of
 []


Underfull \hbox (badness 10000) in paragraph at lines 44--45
\OT1/cmr/m/n/10 gov-ern-ing equa-tions; less
 []


Underfull \hbox (badness 10000) in paragraph at lines 46--47
[]\OT1/cmr/m/n/10 Simplifies in-ter-ac-tions by
 []


Underfull \hbox (badness 4927) in paragraph at lines 46--47
\OT1/cmr/m/n/10 av-er-ag-ing be-hav-iors across
 []


Underfull \hbox (badness 5817) in paragraph at lines 48--48
[]\OT1/cmr/m/n/10 More bi-o-log-i-cally re-al-is-tic,
 []


Underfull \hbox (badness 10000) in paragraph at lines 48--48
\OT1/cmr/m/n/10 but com-pu-ta-tion-ally
 []


Underfull \hbox (badness 10000) in paragraph at lines 48--49
[]\OT1/cmr/m/n/10 Abstract, an-a-lyt-i-cally
 []


Underfull \hbox (badness 10000) in paragraph at lines 48--49
\OT1/cmr/m/n/10 tractable, and
 []


Underfull \hbox (badness 10000) in paragraph at lines 48--49
\OT1/cmr/m/n/10 com-pu-ta-tion-ally less
 []


Underfull \hbox (badness 7631) in paragraph at lines 48--49
\OT1/cmr/m/n/10 ex-pen-sive, but may lack
 []


LaTeX Warning: `!h' float specifier changed to `!ht'.

) [25

] [26] (main.bbl) [27

] (main.aux)
 ***********
LaTeX2e <2023-11-01> patch level 1
L3 programming layer <2024-01-04>
 ***********


LaTeX Warning: Label(s) may have changed. Rerun to get cross-references right.

 ) 
Here is how much of TeX's memory you used:
 3043 strings out of 474486
 53310 string characters out of 5743756
 1945542 words of memory out of 5000000
 25283 multiletter control sequences out of 15000+600000
 565390 words of font info for 62 fonts, out of 8000000 for 9000
 1141 hyphenation exceptions out of 8191
 57i,12n,65p,1093b,288s stack positions out of 10000i,1000n,20000p,200000b,200000s
 <C:\Users\aryan\AppData\Local\MiKTeX\fonts/pk/ljfour/jknappen/ec/dpi600\tcrm1000.pk><C:/Users/aryan/AppData/Local/Programs/MiKTeX/fonts/type1/public/amsfonts/cm/cmbx10.pfb><C:/Users/aryan/AppData/Local/Programs/MiKTeX/fonts/type1/public/amsfonts/cm/cmbx12.pfb><C:/Users/aryan/AppData/Local/Programs/MiKTeX/fonts/type1/public/amsfonts/cm/cmcsc10.pfb><C:/Users/aryan/AppData/Local/Programs/MiKTeX/fonts/type1/public/amsfonts/cm/cmex10.pfb><C:/Users/aryan/AppData/Local/Programs/MiKTeX/fonts/type1/public/amsfonts/cm/cmmi10.pfb><C:/Users/aryan/AppData/Local/Programs/MiKTeX/fonts/type1/public/amsfonts/cm/cmmi7.pfb><C:/Users/aryan/AppData/Local/Programs/MiKTeX/fonts/type1/public/amsfonts/cm/cmr10.pfb><C:/Users/aryan/AppData/Local/Programs/MiKTeX/fonts/type1/public/amsfonts/cm/cmr12.pfb><C:/Users/aryan/AppData/Local/Programs/MiKTeX/fonts/type1/public/amsfonts/cm/cmr17.pfb><C:/Users/aryan/AppData/Local/Programs/MiKTeX/fonts/type1/public/amsfonts/cm/cmr7.pfb><C:/Users/aryan/AppData/Local/Programs/MiKTeX/fonts/type1/public/amsfonts/cm/cmsy10.pfb><C:/Users/aryan/AppData/Local/Programs/MiKTeX/fonts/type1/public/amsfonts/cm/cmsy7.pfb><C:/Users/aryan/AppData/Local/Programs/MiKTeX/fonts/type1/public/amsfonts/cm/cmti10.pfb><C:/Users/aryan/AppData/Local/Programs/MiKTeX/fonts/type1/public/amsfonts/cm/cmtt10.pfb><C:/Users/aryan/AppData/Local/Programs/MiKTeX/fonts/type1/public/amsfonts/cm/cmtt12.pfb>
Output written on main.pdf (27 pages, 10774775 bytes).
PDF statistics:
 211 PDF objects out of 1000 (max. 8388607)
 0 named destinations out of 1000 (max. 500000)
 101 words of extra memory for PDF output out of 10000 (max. 10000000)

